%このファイルは日本語文字を含みます.
\BOOKMARK [1][-]{section.1}{\376\377\147\317\123\237\040\023\000S\000c\000h\000a\000p\000i\000r\000a\000K\000S\0009\0000\060\153\060\210\060\213\134\144\060\156\215\205\134\100\142\100\164\006\212\326}{}% 1
\BOOKMARK [2][-]{subsection.1.1}{\376\377\136\176\117\125\166\204\212\370\151\202\137\365}{section.1}% 2
\BOOKMARK [2][-]{subsection.1.2}{\376\377\215\205\134\100\142\100\123\360\000[\0005\000.\0001\000,\0006\000.\0005\173\300\000]\000K\000S\0009\0000}{section.1}% 3
\BOOKMARK [2][-]{subsection.1.3}{\376\377\134\100\142\100\123\026\000[\0006\000.\0001\173\300\000]\000K\000S\0009\0000}{section.1}% 4
\BOOKMARK [2][-]{subsection.1.4}{\376\377\225\242\142\113\060\156\157\024\173\227\000[\0005\000.\0004\173\300\000]\000K\000S\0009\0000}{section.1}% 5
\BOOKMARK [2][-]{subsection.1.5}{\376\377\060\342\060\374\060\271\060\156\210\334\230\114\060\150\060\342\060\374\060\271\116\015\173\111\137\017\000[\0005\000.\0004\173\300\000]\000K\000S\0009\0000}{section.1}% 6
\BOOKMARK [2][-]{subsection.1.6}{\376\377\150\070\000[\0003\000.\0006\173\300\000]\000K\000S\0009\0000}{section.1}% 7
\BOOKMARK [2][-]{subsection.1.7}{\376\377\134\100\142\100\147\011\165\114\127\017\060\150\134\144\060\156\060\157\060\212\060\102\060\217\060\133}{section.1}% 8
\BOOKMARK [2][-]{subsection.1.8}{\376\377\221\317\133\120\123\026\143\245\211\346\131\011\143\333\000[\0007\000.\0002\173\300\000]\000K\000S\0009\0000}{section.1}% 9
\BOOKMARK [2][-]{subsection.1.9}{\376\377\225\242\142\113\000h\000o\000m\000\040\000[\0004\000.\0004\000,\0007\000.\0002\173\300\000]\000K\000S\0009\0000}{section.1}% 10
\BOOKMARK [2][-]{subsection.1.10}{\376\377\123\130\175\024\134\144\000[\0007\000.\0005\173\300\000]\000K\000S\0009\0000}{section.1}% 11
\BOOKMARK [1][-]{section.2}{\376\377\117\131\154\325\175\332\060\156\133\376\211\322\226\306\124\010\060\170\060\156\131\011\137\142}{}% 12
\BOOKMARK [1][-]{section.3}{\376\377\145\211\153\041\060\317\060\337\060\353\060\310\060\363\060\244\060\275\060\310\060\324\060\374\060\156\221\317\133\120\123\026}{}% 13
\BOOKMARK [2][-]{subsection.3.1}{\376\377\221\317\133\120\123\026\060\156\116\000\141\017\140\047\060\150\123\360}{section.3}% 14
\BOOKMARK [2][-]{subsection.3.2}{\376\377\221\317\133\120\123\026\060\156\133\130\127\050\377\032\000`\000`\060\263\060\363\060\321\060\257\060\310\000'\000'\060\156\130\064\124\010}{section.3}% 15
\BOOKMARK [2][-]{subsection.3.3}{\376\377\221\317\133\120\123\026\060\156\133\130\127\050\377\032\116\000\202\054\060\156\130\064\124\010}{section.3}% 16
\BOOKMARK [2][-]{subsection.3.4}{\376\377\215\205\134\100\142\100\123\360\060\156\131\011\137\142}{section.3}% 17
\BOOKMARK [1][-]{section.4}{\376\377\122\006\226\342\116\015\200\375\140\047\125\117\230\114\060\170\060\156\137\334\165\050}{}% 18
\BOOKMARK [2][-]{subsection.4.1}{\376\377\122\006\226\342\116\015\200\375\140\047\377\032\124\014\153\041\060\156\130\064\124\010}{section.4}% 19
\BOOKMARK [2][-]{subsection.4.2}{\376\377\122\006\226\342\116\015\200\375\140\047\377\032\060\342\060\374\060\271\116\015\173\111\137\017}{section.4}% 20
\BOOKMARK [2][-]{subsection.4.3}{\376\377\122\006\226\342\116\015\200\375\140\047\377\032\227\136\214\240\060\317\060\337\060\353\060\310\060\363\060\244\060\275\060\310\060\324\060\374}{section.4}% 21
\BOOKMARK [2][-]{subsection.4.4}{\376\377\122\006\226\342\116\015\200\375\140\047\377\032\060\267\060\363\060\327\060\354\060\257\060\306\060\243\060\303\060\257\060\156\130\064\124\010}{section.4}% 22
\BOOKMARK [1][-]{appendix.A}{\376\377\060\317\060\337\060\353\060\310\060\363\060\244\060\275\060\310\060\324\060\374}{}% 23
\BOOKMARK [2][-]{subsection.A.1}{\376\377\060\267\060\363\060\327\060\354\060\257\060\306\060\243\060\303\060\257\124\014\127\213\060\156\145\317}{appendix.A}% 24
\BOOKMARK [2][-]{subsection.A.2}{\376\377\223\020\137\142\060\351\060\260\060\351\060\363\060\270\060\345\220\350\122\006\131\032\151\330\117\123\060\156\145\317}{appendix.A}% 25
\BOOKMARK [2][-]{subsection.A.3}{\376\377\131\011\145\160\060\156\217\375\122\240}{appendix.A}% 26
