%このファイルは日本語文字を含みます.
\BOOKMARK [0][-]{chapter.1}{\376\377\060\333\060\342\060\355\060\270\060\374\116\343\145\160}{}% 1
\BOOKMARK [1][-]{section.1.3}{\376\377\211\007\117\123\060\156\127\017}{chapter.1}% 2
\BOOKMARK [1][-]{section.1.4}{\376\377\121\231\120\317\223\020}{chapter.1}% 3
\BOOKMARK [1][-]{section.1.5}{\376\377\116\011\211\322\127\017}{chapter.1}% 4
\BOOKMARK [1][-]{section.1.6}{\376\377\127\017\060\156\134\100\142\100\123\026}{chapter.1}% 5
\BOOKMARK [1][-]{section.1.7}{\376\377\134\016\147\145\127\017}{chapter.1}% 6
\BOOKMARK [0][-]{chapter.2}{\376\377\134\144}{}% 7
\BOOKMARK [1][-]{section.2.1}{\376\377\122\115\134\144}{chapter.2}% 8
\BOOKMARK [1][-]{section.2.2}{\376\377\134\144}{chapter.2}% 9
\BOOKMARK [1][-]{section.2.3}{\376\377\134\144\060\156\157\024\173\227}{chapter.2}% 10
\BOOKMARK [1][-]{section.2.4}{\376\377\121\145\134\004\166\204\134\144\377\014\201\006\137\061\134\144\377\014\136\163\127\146\134\144}{chapter.2}% 11
\BOOKMARK [1][-]{section.2.5}{\376\377\134\100\142\100\060\263\060\363\060\321\060\257\060\310\172\172\225\223\116\012\060\156\134\144}{chapter.2}% 12
\BOOKMARK [1][-]{section.2.6}{\376\377\134\144\060\156\060\263\060\333\060\342\060\355\060\270\060\374}{chapter.2}% 13
\BOOKMARK [1][-]{section.2.7}{\376\377\227\136\162\171\140\047\131\011\137\142\210\334\230\114}{chapter.2}% 14
\BOOKMARK [1][-]{section.2.9}{\376\377\133\237\060\373\211\007\175\040\131\032\151\330\117\123\116\012\060\156\134\144\060\156\117\213}{chapter.2}% 15
\BOOKMARK [0][-]{chapter.3}{\376\377\000P\000o\000i\000n\000c\000a\000r\000\351\000-\000V\000e\000r\000d\000i\000e\000r\000\040\123\314\133\376\140\047}{}% 16
\BOOKMARK [1][-]{section.3.1}{\376\377\116\012\116\330\060\115\060\163\060\143\060\117\060\212}{chapter.3}% 17
\BOOKMARK [0][-]{chapter.4}{\376\377\162\171\153\212\123\026\060\150\215\205\134\100\142\100\123\026}{}% 18
\BOOKMARK [1][-]{section.4.1}{\376\377\154\325\131\011\137\142}{chapter.4}% 19
\BOOKMARK [1][-]{section.4.2}{\376\377\162\171\153\212\123\026}{chapter.4}% 20
\BOOKMARK [1][-]{section.4.3}{\376\377\215\205\134\100\142\100\123\026}{chapter.4}% 21
\BOOKMARK [0][-]{chapter.5}{\376\377\134\144\060\156\215\205\134\100\142\100\123\360}{}% 22
\BOOKMARK [0][-]{chapter*.57}{\376\377\123\302\200\003\145\207\163\056}{}% 23
