%このファイルは日本語文字を含みます.
\BOOKMARK [0][-]{chapter.0}{\376\377\136\217}{}% 1
\BOOKMARK [0][-]{chapter.1}{\376\377\217\236\146\370}{}% 2
\BOOKMARK [1][-]{section.1.1}{\376\377\134\100\142\100\174\373\060\150\127\372\147\054\177\244}{chapter.1}% 3
\BOOKMARK [1][-]{section.1.2}{\376\377\123\357\172\115\122\006\143\245\175\232\060\150\134\100\142\100\174\373}{chapter.1}% 4
\BOOKMARK [1][-]{section.1.3}{\376\377\0001\226\216\120\117\137\256\122\006\145\271\172\013\137\017\060\156\212\000\204\111\060\170\060\156\177\373\212\063}{chapter.1}% 5
\BOOKMARK [1][-]{section.1.4}{\376\377\000n\226\216\137\256\122\006\145\271\172\013\137\017}{chapter.1}% 6
\BOOKMARK [1][-]{section.1.5}{\376\377\0002\226\216\137\256\122\006\145\271\172\013\137\017}{chapter.1}% 7
\BOOKMARK [1][-]{section.1.6}{\376\377\147\011\226\120\000\040\000d\000e\000t\000e\000r\000m\000i\000n\000a\000t\000i\000o\000n\000\040\060\156\000\040\000m\000u\000l\000t\000i\000f\000o\000r\000m\000\040\225\242\145\160}{chapter.1}% 8
\BOOKMARK [0][-]{chapter.2}{\376\377\170\272\133\232\162\171\165\160\160\271\127\213\143\245\175\232}{}% 9
\BOOKMARK [1][-]{section.2.1}{\376\377\0001\153\041\121\103\060\153\060\112\060\121\060\213\153\143\122\107\140\047}{chapter.2}% 10
\BOOKMARK [1][-]{section.2.2}{\376\377\130\227\131\047\136\246\060\156\147\141\116\366}{chapter.2}% 11
\BOOKMARK [1][-]{section.2.3}{\376\377\133\376\145\160\127\213\151\165}{chapter.2}% 12
\BOOKMARK [1][-]{section.2.4}{\376\377\000n\153\041\121\103\060\153\060\112\060\121\060\213\153\143\122\107\140\047}{chapter.2}% 13
\BOOKMARK [1][-]{section.2.5}{\376\377\133\130\127\050\133\232\164\006}{chapter.2}% 14
\BOOKMARK [1][-]{section.2.6}{\376\377\153\324\217\003\133\232\164\006}{chapter.2}% 15
\BOOKMARK [1][-]{section.2.7}{\376\377\153\143\122\107\140\047\133\232\164\006}{chapter.2}% 16
\BOOKMARK [0][-]{chapter.3}{\376\377\137\334\165\050}{}% 17
\BOOKMARK [1][-]{section.3.1}{\376\377\000N\000i\000l\000s\000s\000o\000n\175\032\225\242\145\160}{chapter.3}% 18
\BOOKMARK [1][-]{section.3.2}{\376\377\377\010\000B\000r\000i\000e\000s\000k\000o\000r\000n\060\153\060\210\060\213\377\011\060\342\060\316\060\311\060\355\060\337\060\374\133\232\164\006}{chapter.3}% 19
